EN aula2_parte5 NULL C:/Users/rafa/aula2_parte5/aula2_parte5.vhd sub00/vhpl04 1298297331
EN xorgate NULL C:/Users/rafa/aula2_parte5/aula2_parte5.vhd sub00/vhpl00 1298297327
EN full_adder NULL C:/Users/rafa/aula2_parte5/aula2_parte5.vhd sub00/vhpl02 1298297329
AR aula2_parte5 struct C:/Users/rafa/aula2_parte5/aula2_parte5.vhd sub00/vhpl05 1298297332
AR full_adder func C:/Users/rafa/aula2_parte5/aula2_parte5.vhd sub00/vhpl03 1298297330
AR xorgate func C:/Users/rafa/aula2_parte5/aula2_parte5.vhd sub00/vhpl01 1298297328
