EN aula4_parte3 NULL C:/Users/rafa/CR/aula4_parte3/aula4_parte3.vhd sub00/vhpl02 1300112305
EN clkdivider50m NULL C:/Users/rafa/Downloads/ClkDivider50M.vhd sub00/vhpl00 1300112303
AR aula4_parte3 rtl C:/Users/rafa/CR/aula4_parte3/aula4_parte3.vhd sub00/vhpl03 1300112306
AR clkdivider50m rtl C:/Users/rafa/Downloads/ClkDivider50M.vhd sub00/vhpl01 1300112304
