V3 3
FL C:/Users/rafa/aula3_parte2/aula3_parte2.vhd 2011/02/28.14:06:18 M.81d
EN work/aula3_parte2 1298902027 FL C:/Users/rafa/aula3_parte2/aula3_parte2.vhd \
      PB ieee/std_logic_1164 1290154108 PB ieee/STD_LOGIC_UNSIGNED 1290154110 \
      PB ieee/NUMERIC_STD 1290154109
AR work/aula3_parte2/Behavioral 1298902028 \
      FL C:/Users/rafa/aula3_parte2/aula3_parte2.vhd EN work/aula3_parte2 1298902027
