V3 3
FL C:/Users/rafa/CR/aula4_parte4/aula4_parte4.vhd 2011/03/14.00:42:48 M.81d
EN work/aula4_parte4 1300063372 FL C:/Users/rafa/CR/aula4_parte4/aula4_parte4.vhd \
      PB ieee/std_logic_1164 1290154108 PB ieee/STD_LOGIC_UNSIGNED 1290154110
AR work/aula4_parte4/RTL 1300063373 \
      FL C:/Users/rafa/CR/aula4_parte4/aula4_parte4.vhd EN work/aula4_parte4 1300063372
