V3 3
FL C:/Users/rafa/aula2_parte2/aula2_parte2.vhd 2011/02/19.17:20:20 M.81d
EN work/aula2_parte2 1298136400 FL C:/Users/rafa/aula2_parte2/aula2_parte2.vhd \
      PB ieee/std_logic_1164 1290154108
AR work/aula2_parte2/Behavioral 1298136401 \
      FL C:/Users/rafa/aula2_parte2/aula2_parte2.vhd EN work/aula2_parte2 1298136400
