V3 3
FL C:/Users/rafa/aula3_parte1/aula3_parte1.vhd 2011/02/28.13:32:00 M.81d
EN work/aula3_parte1 1298900133 FL C:/Users/rafa/aula3_parte1/aula3_parte1.vhd \
      PB ieee/std_logic_1164 1290154108
AR work/aula3_parte1/Behavioral 1298900134 \
      FL C:/Users/rafa/aula3_parte1/aula3_parte1.vhd EN work/aula3_parte1 1298900133
