EN clkdivider50m NULL C:/Users/rafa/Downloads/ClkDivider50M.vhd sub00/vhpl00 1298904966
EN aula3_parte3 NULL C:/Users/rafa/aula3_parte3/aula3_parte3.vhd sub00/vhpl02 1298904968
AR aula3_parte3 behavioral C:/Users/rafa/aula3_parte3/aula3_parte3.vhd sub00/vhpl03 1298904969
AR clkdivider50m rtl C:/Users/rafa/Downloads/ClkDivider50M.vhd sub00/vhpl01 1298904967
