EN aula2_parte3 NULL C:/Users/rafa/aula2_parte3/aula2_parte3.vhd sub00/vhpl04 1298297766
EN xorgate NULL C:/Users/rafa/aula2_parte3/aula2_parte3.vhd sub00/vhpl00 1298297762
AR aula2_parte3 struct C:/Users/rafa/aula2_parte3/aula2_parte3.vhd sub00/vhpl05 1298297767
EN full_adder NULL C:/Users/rafa/aula2_parte3/aula2_parte3.vhd sub00/vhpl02 1298297764
AR full_adder func C:/Users/rafa/aula2_parte3/aula2_parte3.vhd sub00/vhpl03 1298297765
AR xorgate func C:/Users/rafa/aula2_parte3/aula2_parte3.vhd sub00/vhpl01 1298297763
