AR leftshifter2 rtl C:/Users/rafa/Desktop/MIPSSCycAddCy/LeftShifter2.vhd sub00/vhpl19 1302519114
EN regn NULL C:/Users/rafa/Desktop/MIPSSCycAddCy/RegN.vhd sub00/vhpl02 1302519097
PH mipspack NULL C:/Users/rafa/Desktop/MIPSSCycAddCy/MIPSPack.vhd sub00/vhpl00 1302519095
EN mux2n NULL C:/Users/rafa/Desktop/MIPSSCycAddCy/Mux2N.vhd sub00/vhpl10 1302519105
AR controlunit rtl C:/Users/rafa/Desktop/MIPSSCycAddCy/ControlUnit.vhd sub00/vhpl09 1302519104
AR mipstoplevel rtl C:/Users/rafa/Desktop/MIPSSCycAddCy/MIPSTopLevel.vhd sub00/vhpl23 1302519118
AR addern rtl C:/Users/rafa/Desktop/MIPSSCycAddCy/AdderN.vhd sub00/vhpl05 1302519100
AR alu32 rtl C:/Users/rafa/Desktop/MIPSSCycAddCy/ALU32.vhd sub00/vhpl17 1302519112
EN rom_ar NULL C:/Users/rafa/Desktop/MIPSSCycAddCy/ROM_AR.vhd sub00/vhpl06 1302519101
AR andgate2 rtl C:/Users/rafa/Desktop/MIPSSCycAddCy/AndGate2.vhd sub00/vhpl21 1302519116
PB mipspack mipspack C:/Users/rafa/Desktop/MIPSSCycAddCy/MIPSPack.vhd sub00/vhpl01 1302519096
AR regn rtl C:/Users/rafa/Desktop/MIPSSCycAddCy/RegN.vhd sub00/vhpl03 1302519098
EN mipstoplevel NULL C:/Users/rafa/Desktop/MIPSSCycAddCy/MIPSTopLevel.vhd sub00/vhpl22 1302519117
EN regbank32_32 NULL C:/Users/rafa/Desktop/MIPSSCycAddCy/RegBank32_32.vhd sub00/vhpl12 1302519107
EN controlunit NULL C:/Users/rafa/Desktop/MIPSSCycAddCy/ControlUnit.vhd sub00/vhpl08 1302519103
EN andgate2 NULL C:/Users/rafa/Desktop/MIPSSCycAddCy/AndGate2.vhd sub00/vhpl20 1302519115
EN leftshifter2 NULL C:/Users/rafa/Desktop/MIPSSCycAddCy/LeftShifter2.vhd sub00/vhpl18 1302519113
EN addern NULL C:/Users/rafa/Desktop/MIPSSCycAddCy/AdderN.vhd sub00/vhpl04 1302519099
EN alu32 NULL C:/Users/rafa/Desktop/MIPSSCycAddCy/ALU32.vhd sub00/vhpl16 1302519111
AR rom_ar rtl C:/Users/rafa/Desktop/MIPSSCycAddCy/ROM_AR.vhd sub00/vhpl07 1302519102
AR regbank32_32 rtl C:/Users/rafa/Desktop/MIPSSCycAddCy/RegBank32_32.vhd sub00/vhpl13 1302519108
AR signext rtl C:/Users/rafa/Desktop/MIPSSCycAddCy/SignExt.vhd sub00/vhpl15 1302519110
EN signext NULL C:/Users/rafa/Desktop/MIPSSCycAddCy/SignExt.vhd sub00/vhpl14 1302519109
AR mux2n rtl C:/Users/rafa/Desktop/MIPSSCycAddCy/Mux2N.vhd sub00/vhpl11 1302519106
