EN mipstoplevel NULL C:/Users/rafa/Downloads/MIPSSCyc/MIPSTopLevel.vhd sub00/vhpl24 1302441668
EN regbank32_32 NULL C:/Users/rafa/Downloads/MIPSSCyc/RegBank32_32.vhd sub00/vhpl14 1302441658
EN regn NULL C:/Users/rafa/Downloads/MIPSSCyc/RegN.vhd sub00/vhpl02 1302441646
PH mipspack NULL C:/Users/rafa/Downloads/MIPSSCyc/MIPSPack.vhd sub00/vhpl00 1302441644
EN mux2n NULL C:/Users/rafa/Downloads/MIPSSCyc/Mux2N.vhd sub00/vhpl12 1302441652
EN leftshifter2 NULL C:/Users/rafa/Downloads/MIPSSCyc/LeftShifter2.vhd sub00/vhpl20 1302441664
PB mipspack mipspack C:/Users/rafa/Downloads/MIPSSCyc/MIPSPack.vhd sub00/vhpl01 1302441645
AR addern rtl C:/Users/rafa/Downloads/MIPSSCyc/AdderN.vhd sub00/vhpl05 1302441649
AR alu32 rtl C:/Users/rafa/Downloads/MIPSSCyc/ALU32.vhd sub00/vhpl19 1302441663
EN rom_ar NULL C:/Users/rafa/Downloads/MIPSSCyc/ROM_AR.vhd sub00/vhpl06 1302441650
AR mipstoplevel rtl C:/Users/rafa/Downloads/MIPSSCyc/MIPSTopLevel.vhd sub00/vhpl25 1302441669
AR regn rtl C:/Users/rafa/Downloads/MIPSSCyc/RegN.vhd sub00/vhpl03 1302441647
AR controlunit rtl C:/Users/rafa/Downloads/MIPSSCyc/ControlUnit.vhd sub00/vhpl11 1302441657
AR regbank32_32 rtl C:/Users/rafa/Downloads/MIPSSCyc/RegBank32_32.vhd sub00/vhpl15 1302441659
AR leftshifter2 rtl C:/Users/rafa/Downloads/MIPSSCyc/LeftShifter2.vhd sub00/vhpl21 1302441665
EN d_mem NULL C:/Users/rafa/Downloads/MIPSSCyc/D_MEM.vhd sub00/vhpl08 1302441654
EN controlunit NULL C:/Users/rafa/Downloads/MIPSSCyc/ControlUnit.vhd sub00/vhpl10 1302441656
AR andgate2 rtl C:/Users/rafa/Downloads/MIPSSCyc/AndGate2.vhd sub00/vhpl23 1302441667
EN andgate2 NULL C:/Users/rafa/Downloads/MIPSSCyc/AndGate2.vhd sub00/vhpl22 1302441666
EN addern NULL C:/Users/rafa/Downloads/MIPSSCyc/AdderN.vhd sub00/vhpl04 1302441648
EN alu32 NULL C:/Users/rafa/Downloads/MIPSSCyc/ALU32.vhd sub00/vhpl18 1302441662
AR d_mem rtl C:/Users/rafa/Downloads/MIPSSCyc/D_MEM.vhd sub00/vhpl09 1302441655
AR rom_ar rtl C:/Users/rafa/Downloads/MIPSSCyc/ROM_AR.vhd sub00/vhpl07 1302441651
AR signext rtl C:/Users/rafa/Downloads/MIPSSCyc/SignExt.vhd sub00/vhpl17 1302441661
EN signext NULL C:/Users/rafa/Downloads/MIPSSCyc/SignExt.vhd sub00/vhpl16 1302441660
AR mux2n rtl C:/Users/rafa/Downloads/MIPSSCyc/Mux2N.vhd sub00/vhpl13 1302441653
