EN aula4_parte2 NULL C:/Users/rafa/CR/aula4_parte2/aula4_parte2.vhd sub00/vhpl00 1300111122
EN clkdivider50m NULL C:/Users/rafa/Downloads/ClkDivider50M.vhd sub00/vhpl02 1300111120
AR aula4_parte2 behavioral C:/Users/rafa/CR/aula4_parte2/aula4_parte2.vhd sub00/vhpl01 1300111123
AR clkdivider50m rtl C:/Users/rafa/Downloads/ClkDivider50M.vhd sub00/vhpl03 1300111121
