EN andport1 NULL C:/Users/rafa/Parte2/Parte2.vhd sub00/vhpl01 1297873514
EN andport2 NULL C:/Users/rafa/Parte2/Parte2.vhd sub00/vhpl00 1297873516
AR andport1 behavioral C:/Users/rafa/Parte2/Parte2.vhd sub00/vhpl02 1297873515
EN parte2 NULL C:/Users/rafa/Parte2/Parte2.vhd sub00/vhpl04 1297873518
AR andport2 behavioral C:/Users/rafa/Parte2/Parte2.vhd sub00/vhpl03 1297873517
AR parte2 behavioral C:/Users/rafa/Parte2/Parte2.vhd sub00/vhpl05 1297873519
